[dbworkplay.com/index.html]
[backblue.gif]
[fade.gif]
[index.html]
[www.google-analytics.com/analytics.js]
[dbworkplay.com/comments/feed/index.html]
[dbworkplay.com/feed/index.html]
[dbworkplay.com/xmlrpc0db0.php]
[dbworkplay.com/wp-json/index.html]
[dbworkplay.com/wp-includes/wlwmanifest.xml]
[dbworkplay.com/wp-json/oembed/1.0/embed4aa1.json]
[dbworkplay.com/wp-json/oembed/1.0/embedfd81]
[dbworkplay.com/wp-content/uploads/2019/09/preloader.gif]
[dbworkplay.com/wp-content/uploads/2018/12/cropped-D-01-32x32.png]
[dbworkplay.com/wp-content/uploads/2018/12/cropped-D-01-192x192.png]
[dbworkplay.com/wp-content/uploads/2018/12/cropped-D-01-180x180.png]
[ajax.googleapis.com/ajax/libs/webfont/1/webfont.js]
[dbworkplay.com/wp-content/uploads/2019/09/white-logo.png]
[dbworkplay.com/wp-content/uploads/2019/09/white-logo-300x33.png]
[dbworkplay.com/wp-content/uploads/2019/12/a55911fe6493ef5071164231029e11c2.png]
[dbworkplay.com/wp-content/uploads/2019/12/portfolio-2-1024x804.jpg]
[dbworkplay.com/wp-content/uploads/2019/12/portfolio-3-1024x804.jpg]
[dbworkplay.com/contact/index.html]
[dbworkplay.com/wp-content/uploads/2019/12/portfolio-5.jpg]
[dbworkplay.com/wp-content/uploads/2019/12/portfolio-06.jpg]
[dbworkplay.com/wp-content/uploads/2019/12/portfolio-4.jpg]
[dbworkplay.com/wp-content/uploads/2019/12/portfolio-8.jpg]
[dbworkplay.com/wp-content/uploads/2019/12/portfolio-7.jpg]
[dbworkplay.com/wp-content/uploads/2019/12/portfolio-1.jpg]
[dbworkplay.com/wp-content/uploads/2019/12/portfolio-12.jpg]
[dbworkplay.com/wp-content/uploads/2019/12/portfolio-010.jpg]
[dbworkplay.com/wp-content/uploads/2019/01/process_opt.jpg]
[dbworkplay.com/wp-content/uploads/2019/01/me-min_opt-min.jpg]
[dbworkplay.com/wp-content/uploads/2019/01/radmila_opt.jpg]
[dbworkplay.com/wp-content/uploads/2019/01/sonia_opt.jpg]
[dbworkplay.com/index.html]
[dbworkplay.com/wp-content/plugins/portfolio-wp/images/general/icons/close-icon-2.png]
[dbworkplay.com/wp-content/plugins/portfolio-wp/css/fonts/fontawesome-webfonte0a5.eot]
[dbworkplay.com/wp-content/plugins/portfolio-wp/css/lightgallery/fonts/Slide-icons.eot]
[dbworkplay.com/wp-content/plugins/portfolio-wp/css/owl-carousel/assets/owl.video.play.png]
[dbworkplay.com/wp-content/themes/oceanwp/assets/fonts/simple-line-icons/Simple-Line-Iconsb26c.eot]
[dbworkplay.com/wp-content/themes/oceanwp/assets/fonts/slick/slick.eot]
[dbworkplay.com/wp-content/themes/oceanwp/assets/fonts/fontawesome/webfonts/fa-brands-400.eot]
[dbworkplay.com/wp-content/plugins/elementor/assets/lib/eicons/fonts/eiconsdb5f.eot]
[dbworkplay.com/wp-content/plugins/elementor/assets/lib/font-awesome/webfonts/fa-brands-400.eot]
[dbworkplay.com/wp-content/plugins/ocean-extra/assets/img/instagram-logo.png]
[dbworkplay.com/wp-content/plugins/elementor/assets/lib/font-awesome/webfonts/fa-solid-900.eot]
[dbworkplay.com/wp-content/cache/autoptimize/css/autoptimize_217068efc6183275e8fe2e629396263b.css]
[dbworkplay.com/wp-content/cache/autoptimize/css/autoptimize_single_4a5a83fe8b60590f17d2d574cfd315db20a2.css]
[dbworkplay.com/wp-includes/js/jquery/jquery4a5f.js]
[dbworkplay.com/wp-json/oembed/1.0/embedef4b.json]
[dbworkplay.com/indexb284.html]
[dbworkplay.com/wp-json/oembed/1.0/embed6583]
[dbworkplay.com/wp-content/uploads/2019/08/dbworkplay-logo-300x33.png]
[dbworkplay.com/contact/index.html]
[dbworkplay.com/wp-content/cache/autoptimize/js/autoptimize_da76963e57ec9b73811f833749023745.js]
[dbworkplay.com/wp-content/cache/autoptimize/css/autoptimize_4604e2c644db8131826c6a36cc543077.css]
[dbworkplay.com/wp-content/cache/autoptimize/css/autoptimize_single_096d2d46082b29aa28bf1618c446324102b3.css]
[dbworkplay.com/indexb284.html]
[dbworkplay.com/Version/index.html]
[dbworkplay.com/version/index-2.html]
[dbworkplay.com/wp-content/cache/autoptimize/js/autoptimize_aef40c71d2bda62b6a76bea75398f699.js]
[dbworkplay.com/Version/index.html]
[dbworkplay.com/version/index-2.html]
[dbworkplay.com/contact/Version/index.html]
[dbworkplay.com/contact/Version/index.html]
[dbworkplay.com/contact/version/index-2.html]
[dbworkplay.com/contact/version/index-2.html]
