[localhost/wordpress/index.html]
[backblue.gif]
[fade.gif]
[index.html]
[localhost/wordpress/wp-includes/css/dist/block-library/style.min9dff.css]
[localhost/wordpress/wp-includes/css/dist/block-library/theme.min9dff.css]
[localhost/wordpress/feed/index.html]
[localhost/wordpress/wp-content/plugins/animated-typing-effect/assets/css/cursor9dff.css]
[localhost/wordpress/wp-content/themes/oceanwp/assets/fonts/fontawesome/css/all.minaec5.css]
[localhost/wordpress/wp-content/themes/oceanwp/assets/css/third/simple-line-icons.min8d5a.css]
[localhost/wordpress/comments/feed/index.html]
[localhost/wordpress/wp-content/themes/oceanwp/assets/css/third/magnific-popup.min8a54.css]
[localhost/wordpress/wp-content/themes/oceanwp/assets/css/third/slick.minaff7.css]
[localhost/wordpress/wp-content/themes/oceanwp/assets/css/style.min3e0d.css]
[localhost/wordpress/wp-content/plugins/elementor/assets/lib/eicons/css/elementor-icons.mindeba.css]
[localhost/wordpress/wp-content/plugins/elementor/assets/lib/animations/animations.min4dc3.css]
[localhost/wordpress/wp-content/plugins/elementor/assets/css/frontend.min4dc3.css]
[localhost/wordpress/wp-content/plugins/elementor/assets/lib/font-awesome/css/all.min4dc3.css]
[localhost/wordpress/wp-content/plugins/elementor/assets/lib/font-awesome/css/v4-shims.min4dc3.css]
[localhost/wordpress/wp-content/uploads/elementor/css/post-1250c16.css]
[localhost/wordpress/wp-content/plugins/ocean-extra/assets/css/widgets9dff.css]
[localhost/wordpress/wp-content/plugins/elementor/assets/lib/font-awesome/css/fontawesome.minad76.css]
[localhost/wordpress/wp-content/plugins/elementor/assets/lib/font-awesome/css/solid.minad76.css]
[localhost/wordpress/wp-includes/js/jquery/jquery-migrate.min330a.js]
[localhost/wordpress/xmlrpc0db0.php]
[localhost/wordpress/wp-includes/wlwmanifest.xml]
[localhost/wordpress/wp-content/plugins/elementor/assets/lib/font-awesome/js/v4-shims.min4dc3.js]
[localhost/wordpress/wp-content/plugins/granular-controls-for-elementor/assets/js/jarallax97de.js]
[localhost/wordpress/wp-json/oembed/1.0/embed68f4.json]
[localhost/wordpress/wp-json/index.html]
[localhost/wordpress/wp-content/uploads/2019/12/Untitled-1-300x263.png]
[localhost/wordpress/wp-json/oembed/1.0/embedd248]
[localhost/wordpress/wp-content/uploads/2019/12/a55911fe6493ef5071164231029e11c2-300x180.png]
[localhost/wordpress/wp-includes/js/jquery/jquery4a5f.js]
[localhost/wordpress/fr/index.html]
[localhost/wordpress/wp-content/uploads/2019/12/SDL_Trados_Studio_Web_Icons_012.jpg]
[localhost/wordpress/it/elementor-992/index.html]
[localhost/wordpress/en/index.html]
[localhost/wordpress/wp-content/uploads/2019/12/IMG_20170203_171027.jpg]
[localhost/wordpress/wp-content/plugins/animated-typing-effect/assets/js/typed68b3.js]
[localhost/wordpress/contact/index.html]
[localhost/wordpress/wp-content/plugins/animated-typing-effect/assets/js/typed.fe68b3.js]
[localhost/wordpress/wp-includes/js/imagesloaded.min55a0.js]
[localhost/wordpress/wp-content/plugins/page-scroll-to-id/js/page-scroll-to-id.min7514.js]
[localhost/wordpress/wp-content/themes/oceanwp/assets/js/third/lightbox.min3e0d.js]
[localhost/wordpress/wp-content/themes/oceanwp/assets/js/third/magnific-popup.min3e0d.js]
[localhost/wordpress/wp-includes/js/wp-embed.min9dff.js]
[localhost/wordpress/wp-content/plugins/elementor/assets/js/frontend-modules.min4dc3.js]
[localhost/wordpress/wp-includes/js/jquery/ui/position.mine899.js]
[localhost/wordpress/wp-content/plugins/elementor/assets/lib/dialog/dialog.minfe9d.js]
[localhost/wordpress/wp-content/themes/oceanwp/assets/js/main.min3e0d.js]
[localhost/wordpress/wp-content/plugins/elementor/assets/lib/waypoints/waypoints.min05da.js]
[localhost/wordpress/index.html]
[localhost/wordpress/wp-includes/css/dist/block-library/style.min9dff.css]
[localhost/wordpress/wp-includes/css/dist/block-library/theme.min9dff.css]
[localhost/wordpress/wp-content/plugins/animated-typing-effect/assets/css/cursor9dff.css]
[localhost/wordpress/wp-content/themes/oceanwp/assets/fonts/fontawesome/webfonts/fa-brands-400.eot]
[localhost/wordpress/wp-content/plugins/elementor/assets/js/frontend.min4dc3.js]
[localhost/wordpress/wp-content/themes/oceanwp/assets/fonts/fontawesome/webfonts/fa-brands-400.woff2]
[localhost/wordpress/wp-content/plugins/elementor/assets/lib/swiper/swiper.min4f24.js]
[localhost/wordpress/wp-content/themes/oceanwp/assets/fonts/fontawesome/webfonts/fa-brands-400d41d.eot]
[localhost/wordpress/wp-content/themes/oceanwp/assets/fonts/fontawesome/webfonts/fa-brands-400.woff]
[localhost/wordpress/wp-content/themes/oceanwp/assets/fonts/fontawesome/webfonts/fa-brands-400.ttf]
[localhost/wordpress/wp-content/themes/oceanwp/assets/fonts/fontawesome/webfonts/fa-regular-400.eot]
[localhost/wordpress/wp-content/themes/oceanwp/assets/fonts/fontawesome/webfonts/fa-regular-400.woff2]
[localhost/wordpress/wp-content/themes/oceanwp/assets/fonts/fontawesome/webfonts/fa-regular-400d41d.eot]
[localhost/wordpress/wp-content/themes/oceanwp/assets/fonts/fontawesome/webfonts/fa-regular-400.woff]
[localhost/wordpress/wp-content/themes/oceanwp/assets/fonts/fontawesome/webfonts/fa-regular-400.ttf]
[localhost/wordpress/wp-content/themes/oceanwp/assets/fonts/fontawesome/webfonts/fa-solid-900.eot]
[localhost/wordpress/wp-content/themes/oceanwp/assets/fonts/fontawesome/webfonts/fa-solid-900.woff2]
[localhost/wordpress/wp-content/themes/oceanwp/assets/fonts/fontawesome/webfonts/fa-solid-900d41d.eot]
[localhost/wordpress/wp-content/themes/oceanwp/assets/fonts/fontawesome/webfonts/fa-solid-900.woff]
[localhost/wordpress/wp-content/themes/oceanwp/assets/fonts/fontawesome/webfonts/fa-solid-900.ttf]
[localhost/wordpress/wp-content/themes/oceanwp/assets/fonts/fontawesome/css/all.minaec5.css]
[localhost/wordpress/wp-content/themes/oceanwp/assets/fonts/simple-line-icons/Simple-Line-Iconsb26c.eot]
[localhost/wordpress/wp-content/themes/oceanwp/assets/fonts/simple-line-icons/Simple-Line-Iconsb26c.woff2]
[localhost/wordpress/wp-content/themes/oceanwp/assets/fonts/simple-line-icons/Simple-Line-Iconsb26c.ttf]
[localhost/wordpress/wp-content/themes/oceanwp/assets/fonts/simple-line-icons/Simple-Line-Iconsb26c.woff]
[localhost/wordpress/wp-content/themes/oceanwp/assets/css/third/simple-line-icons.min8d5a.css]
[localhost/wordpress/wp-content/themes/oceanwp/assets/css/third/magnific-popup.min8a54.css]
[localhost/wordpress/wp-content/themes/oceanwp/assets/fonts/slick/slick.eot]
[localhost/wordpress/wp-content/themes/oceanwp/assets/fonts/slick/slickd41d.eot]
[localhost/wordpress/wp-content/themes/oceanwp/assets/fonts/slick/slick.woff]
[localhost/wordpress/wp-content/themes/oceanwp/assets/fonts/slick/slick.ttf]
[localhost/wordpress/wp-content/themes/oceanwp/assets/css/third/slick.minaff7.css]
[localhost/wordpress/wp-content/themes/oceanwp/assets/css/style.min3e0d.css]
[localhost/wordpress/wp-content/plugins/elementor/assets/lib/eicons/fonts/eiconsdb5f.eot]
[localhost/wordpress/wp-content/plugins/elementor/assets/lib/eicons/fonts/eiconsdb5f.woff2]
[localhost/wordpress/wp-content/plugins/elementor/assets/lib/eicons/fonts/eiconsdb5f.woff]
[localhost/wordpress/wp-content/plugins/elementor/assets/lib/eicons/fonts/eiconsdb5f.ttf]
[localhost/wordpress/wp-content/plugins/elementor/assets/lib/eicons/css/elementor-icons.mindeba.css]
[localhost/wordpress/wp-content/plugins/elementor/assets/lib/animations/animations.min4dc3.css]
[localhost/wordpress/wp-content/plugins/elementor/assets/css/frontend.min4dc3.css]
[localhost/wordpress/wp-content/plugins/elementor/assets/lib/font-awesome/webfonts/fa-brands-400.eot]
[localhost/wordpress/wp-content/plugins/elementor/assets/lib/font-awesome/webfonts/fa-brands-400.woff2]
[localhost/wordpress/wp-content/plugins/elementor/assets/lib/font-awesome/webfonts/fa-brands-400d41d.eot]
[localhost/wordpress/wp-content/plugins/elementor/assets/lib/font-awesome/webfonts/fa-brands-400.woff]
[localhost/wordpress/wp-content/plugins/elementor/assets/lib/font-awesome/webfonts/fa-brands-400.ttf]
[localhost/wordpress/wp-content/plugins/elementor/assets/lib/font-awesome/webfonts/fa-regular-400.eot]
[localhost/wordpress/wp-content/plugins/elementor/assets/lib/font-awesome/webfonts/fa-regular-400d41d.eot]
[localhost/wordpress/wp-content/plugins/elementor/assets/lib/font-awesome/webfonts/fa-regular-400.woff2]
[localhost/wordpress/wp-content/plugins/elementor/assets/lib/font-awesome/webfonts/fa-regular-400.woff]
[localhost/wordpress/wp-content/plugins/elementor/assets/lib/font-awesome/webfonts/fa-regular-400.ttf]
[localhost/wordpress/wp-content/plugins/elementor/assets/lib/font-awesome/webfonts/fa-solid-900.eot]
[localhost/wordpress/wp-content/plugins/elementor/assets/lib/font-awesome/webfonts/fa-solid-900.woff2]
[localhost/wordpress/wp-content/plugins/elementor/assets/lib/font-awesome/webfonts/fa-solid-900.woff]
[localhost/wordpress/wp-content/plugins/elementor/assets/lib/font-awesome/webfonts/fa-solid-900d41d.eot]
[localhost/wordpress/wp-content/plugins/elementor/assets/lib/font-awesome/webfonts/fa-solid-900.ttf]
[localhost/wordpress/wp-content/plugins/elementor/assets/lib/font-awesome/css/all.min4dc3.css]
[localhost/wordpress/wp-content/plugins/elementor/assets/lib/font-awesome/css/v4-shims.min4dc3.css]
[localhost/wordpress/wp-content/uploads/2019/12/milkovi-444287-unsplash-xd.jpg]
[localhost/wordpress/wp-content/uploads/elementor/css/post-1250c16.css]
[localhost/wordpress/wp-content/plugins/ocean-extra/assets/img/instagram-logo.png]
[localhost/wordpress/wp-content/plugins/ocean-extra/assets/img/flickr.png]
[localhost/wordpress/wp-content/plugins/ocean-extra/assets/css/widgets9dff.css]
[localhost/wordpress/wp-content/plugins/elementor/assets/lib/font-awesome/css/fontawesome.minad76.css]
[localhost/wordpress/wp-content/plugins/elementor/assets/lib/font-awesome/css/solid.minad76.css]
[localhost/wordpress/wp-content/uploads/elementor/css/post-992d2ac.css]
[localhost/wordpress/it/feed/index.html]
[localhost/wordpress/wp-json/oembed/1.0/embed5580.json]
[localhost/wordpress/wp-json/oembed/1.0/embedcf8e]
[localhost/wordpress/it/comments/feed/index.html]
[localhost/wordpress/wp-content/uploads/2019/12/IMG_20170203_171027-768x1024.jpg]
[localhost/wordpress/it/elementor-992/index.html]
[localhost/wordpress/fr/index.html]
[localhost/wordpress/fr/feed/index.html]
[localhost/wordpress/fr/comments/feed/index.html]
[localhost/wordpress/en/index.html]
[localhost/wordpress/en/feed/index.html]
[localhost/wordpress/en/comments/feed/index.html]
[localhost/wordpress/wp-content/plugins/wpforms-lite/assets/css/wpforms-full00e2.css]
[localhost/wordpress/wp-content/uploads/elementor/css/post-444ee19.css]
[localhost/wordpress/wp-json/oembed/1.0/embed9bba.json]
[localhost/wordpress/wp-json/oembed/1.0/embeda399]
[localhost/wordpress/wp-content/uploads/2019/12/Untitled-1c-300x263.png]
[localhost/wordpress/wp-content/plugins/wpforms-lite/assets/js/jquery.validate.minb3a6.js]
[localhost/wordpress/wp-content/plugins/wpforms-lite/assets/js/mailcheck.mincfa9.js]
[localhost/wordpress/contact/index.html]
[localhost/wordpress/wp-content/themes/oceanwp/assets/fonts/fontawesome/webfonts/fa-brands-400.svg]
[localhost/wordpress/wp-content/themes/oceanwp/assets/fonts/fontawesome/webfonts/fa-regular-400.svg]
[localhost/wordpress/wp-content/themes/oceanwp/assets/fonts/fontawesome/webfonts/fa-solid-900.svg]
[localhost/wordpress/wp-content/themes/oceanwp/assets/fonts/simple-line-icons/Simple-Line-Iconsb26c.svg]
[localhost/wordpress/wp-content/themes/oceanwp/assets/fonts/slick/slick.svg]
[localhost/wordpress/wp-content/plugins/elementor/assets/lib/eicons/fonts/eiconsdb5f.svg]
[localhost/wordpress/wp-content/plugins/wpforms-lite/assets/js/wpforms00e2.js]
[localhost/wordpress/wp-content/plugins/elementor/assets/lib/font-awesome/webfonts/fa-brands-400.svg]
[localhost/wordpress/wp-content/plugins/elementor/assets/lib/font-awesome/webfonts/fa-regular-400.svg]
[localhost/wordpress/wp-content/plugins/elementor/assets/lib/font-awesome/webfonts/fa-solid-900.svg]
[localhost/wordpress/wp-content/uploads/elementor/css/post-992d2ac.css]
[localhost/wordpress/wp-content/plugins/wpforms-lite/assets/css/wpforms-full00e2.css]
[localhost/wordpress/wp-content/uploads/elementor/css/post-444ee19.css]
[localhost/wordpress/indexb284.html]
